howiem@Howies-MacBook-Air lab1_MiaoHowie % docker run hello-world
Unable to find image 'hello-world:latest' locally
latest: Pulling from library/hello-world
2db29710123e: Pull complete 
Digest: sha256:975f4b14f326b05db86e16de00144f9c12257553bba9484fed41f9b6f2257800
Status: Downloaded newer image for hello-world:latest

Hello from Docker!
This message shows that your installation appears to be working correctly.

To generate this message, Docker took the following steps:
 1. The Docker client contacted the Docker daemon.
 2. The Docker daemon pulled the "hello-world" image from the Docker Hub.
    (amd64)
 3. The Docker daemon created a new container from that image which runs the
    executable that produces the output you are currently reading.
 4. The Docker daemon streamed that output to the Docker client, which sent it
    to your terminal.

To try something more ambitious, you can run an Ubuntu container with:
 $ docker run -it ubuntu bash

Share images, automate workflows, and more with a free Docker ID:
 https://hub.docker.com/

For more examples and ideas, visit:
 https://docs.docker.com/get-started/

howiem@Howies-MacBook-Air lab1_MiaoHowie % docker ps -a
CONTAINER ID   IMAGE         COMMAND    CREATED          STATUS                      PORTS     NAMES
ae0649672e8b   hello-world   "/hello"   37 seconds ago   Exited (0) 36 seconds ago             sweet_bardeen
howiem@Howies-MacBook-Air lab1_MiaoHowie % docker rm sweet_bardeen
sweet_bardeen
howiem@Howies-MacBook-Air lab1_MiaoHowie % docker ps -a
CONTAINER ID   IMAGE     COMMAND   CREATED   STATUS    PORTS     NAMES
howiem@Howies-MacBook-Air lab1_MiaoHowie % docker run --rm hello-world

Hello from Docker!
This message shows that your installation appears to be working correctly.

To generate this message, Docker took the following steps:
 1. The Docker client contacted the Docker daemon.
 2. The Docker daemon pulled the "hello-world" image from the Docker Hub.
    (amd64)
 3. The Docker daemon created a new container from that image which runs the
    executable that produces the output you are currently reading.
 4. The Docker daemon streamed that output to the Docker client, which sent it
    to your terminal.

To try something more ambitious, you can run an Ubuntu container with:
 $ docker run -it ubuntu bash

Share images, automate workflows, and more with a free Docker ID:
 https://hub.docker.com/

For more examples and ideas, visit:
 https://docs.docker.com/get-started/

howiem@Howies-MacBook-Air lab1_MiaoHowie % docker ps -a
CONTAINER ID   IMAGE     COMMAND   CREATED   STATUS    PORTS     NAMES
howiem@Howies-MacBook-Air lab1_MiaoHowie % docker run -it ubuntu bash
Unable to find image 'ubuntu:latest' locally
latest: Pulling from library/ubuntu
ea362f368469: Pull complete 
Digest: sha256:b5a61709a9a44284d88fb12e5c48db0409cfad5b69d4ff8224077c57302df9cf
Status: Downloaded newer image for ubuntu:latest
root@892e9eebab69:/# exit
exit
howiem@Howies-MacBook-Air lab1_MiaoHowie % docker run -dt ubuntu bash
3ee2e089c696190ab1f577dbcb2981d9f4e842c3a6f8ed1ccb1d23738cdb9ee7
howiem@Howies-MacBook-Air lab1_MiaoHowie % docker ps
CONTAINER ID   IMAGE     COMMAND   CREATED         STATUS         PORTS     NAMES
3ee2e089c696   ubuntu    "bash"    6 seconds ago   Up 5 seconds             jovial_joliot
howiem@Howies-MacBook-Air lab1_MiaoHowie % docker rm jovial_joliot
Error response from daemon: You cannot remove a running container 3ee2e089c696190ab1f577dbcb2981d9f4e842c3a6f8ed1ccb1d23738cdb9ee7. Stop the container before attempting removal or force remove
howiem@Howies-MacBook-Air lab1_MiaoHowie % docker kill jovial_joliot
jovial_joliot
howiem@Howies-MacBook-Air lab1_MiaoHowie % docker rm -a
unknown shorthand flag: 'a' in -a
See 'docker rm --help'.
howiem@Howies-MacBook-Air lab1_MiaoHowie % docker rm . 
Error: No such container: .
howiem@Howies-MacBook-Air lab1_MiaoHowie % docker rm elastic_lehmann
elastic_lehmann
howiem@Howies-MacBook-Air lab1_MiaoHowie % docker rm jovial_joliot  
jovial_joliot
howiem@Howies-MacBook-Air lab1_MiaoHowie % 
